// Jest Snapshot v1, https://goo.gl/fbAQLP

exports[`renders ResetPasswordForm component without crashing 1`] = `
<div>
  <NavBarContainer
    userIsAuthenticated={false}
  />
  <div
    className="reset-field"
  >
    <Connect(Alert) />
    <h1>
      Reset Password Form
    </h1>
    <form
      onSubmit={[Function]}
    >
      <div
        className="field"
      >
        <label
          className="label"
        >
          Password
        </label>
        <div
          className="control has-icons-left has-icons-right"
        >
          <input
            className="input is-medium "
            onChange={[Function]}
            placeholder="Enter password"
            type="password"
            value=""
          />
          <span
            className="icon is-small is-left"
          >
            <i
              className="fas fa-key"
            />
          </span>
        </div>
      </div>
      <div
        className="field"
      >
        <label
          className="label"
        >
          Confirm Password
        </label>
        <div
          className="control has-icons-left has-icons-right"
        >
          <input
            className="input is-medium "
            onChange={[Function]}
            placeholder="Enter password"
            type="password"
            value=""
          />
          <span
            className="icon is-small is-left"
          >
            <i
              className="fas fa-key"
            />
          </span>
        </div>
      </div>
      <button
        className="button is-primary is-medium is-fullwidth is-loading"
        id="resetPasswordBtn"
        type="submit"
        value="Reset password"
      >
        Reset Password
      </button>
    </form>
  </div>
</div>
`;
